[backblue.gif]
[fade.gif]
[index.html]
[www.ignou.ac.in/pages/60]
[www.ignou.ac.in/webjars/bootstrap-icons/1.11.3/font/bootstrap-icons.scss]
[www.googletagmanager.com/gtag/js543f]
[ajax.googleapis.com/ajax/libs/jquery/3.7.1/jquery.min.js]
[cse.google.com/cse8d2f.js]
[cdn.gtranslate.net/widgets/latest/ln.js]
[www.ignou.ac.in/assets/img/ignouLogo.png]
[x.com/OfficialIGNOU/index.html]
[www.ignou.ac.in/images/banners/studentBanner.jpg]
[www.ignou.ac.in/assets/img/nirf.png]
[www.facebook.com/OfficialPageIGNOU/index.html]
[www.ignou.ac.in/assets/img/favicon.png]
[www.ignou.ac.in/assets/img/apple-touch-icon.png]
[www.ignou.ac.in/webjars/bootstrap/5.3.3/css/bootstrap.min.css]
[www.ignou.ac.in/webjars/font-awesome/6.5.2/css/all.css]
[www.ignou.ac.in/webjars/datatables/2.1.0/css/dataTables.bootstrap5.css]
[www.ignou.ac.in/assets/vendor/aos/aos.css]
[www.ignou.ac.in/assets/vendor/glightbox/css/glightbox.min.css]
[www.ignou.ac.in/assets/img/IgnouLogoW.png]
[www.ignou.ac.in/assets/vendor/swiper/swiper-bundle.min.css]
[www.ignou.ac.in/assets/css/main.css]
[x.com/OfficialIGNOU/index.html]
[www.ignou.ac.in/viewFile/hq/common/TelDirectory11Nov2025.pdf]
[www.facebook.com/OfficialPageIGNOU/index.html]
[exam.ignou.ac.in/index.html]
[shebox.wcd.gov.in/index.html]
[www.ignou.ac.in/viewFile/services/Common_Prospectus/common-prospectus-july-2026-V-L-1-1.pdf]
[sites.google.com/ignou.ac.in/weas]
[www.ignou.ac.in/viewFile/mpdd/study_material/Price-Catalogue.pdf]
[www.ignou.ac.in/webjars/jquery/3.7.1/jquery.min.js]
[www.ignou.ac.in/webjars/popper.js/2.11.7/umd/popper.min.js]
[www.ignou.ac.in/webjars/bootstrap/5.3.3/js/bootstrap.bundle.min.js]
[www.ignou.ac.in/webjars/datatables/2.1.0/js/dataTables.js]
[www.ignou.ac.in/assets/vendor/aos/aos.js]
[www.ignou.ac.in/assets/vendor/glightbox/js/glightbox.min.js]
[www.ignou.ac.in/assets/vendor/purecounter/purecounter_vanilla.js]
[www.ignou.ac.in/assets/vendor/swiper/swiper-bundle.min.js]
[www.ignou.ac.in/assets/vendor/isotope-layout/isotope.pkgd.min.js]
[www.ignou.ac.in/assets/js/main.js]
[www.ignou.ac.in/assets/img/onlineStepBg.png]
[sites.google.com/ignou.ac.in/ignouudyami/index.html]
[www.ignou.ac.in/assets/img/progrmsStepBg.png]
[www.ignou.ac.in/webjars/datatables/2.1.0/js/dataTables.bootstrap5.js]
[www.ignou.ac.in/assets/img/admissionStepBg.png]
[www.ignou.ac.in/assets/img/admissionIcon.png]
[www.ignou.ac.in/assets/img/networkStepBg.png]
[www.ignou.ac.in/assets/img/networkIcon.png]
[www.ignou.ac.in/images/cards/cardBg1.png]
[www.ignou.ac.in/assets/img/onlineIcon.png]
[www.ignou.ac.in/images/cards/cardBg1a.png]
[www.ignou.ac.in/assets/img/programsIcon.png]
[static.xx.fbcdn.net/rsrc.php/y1/r/ay1hV6OlegS.ico]
[scontent.fdel57-2.fna.fbcdn.net/v/t39.30808-1/825327431_1124654916885739_2491693629103439895_n6f04.jpg]
[x.com/OfficialIGNOU]
[www.facebook.com/data/manifest/index1e5b.html]
[static.xx.fbcdn.net/rsrc.php/v4/yW/r/fHBhqPgSQ_n.js]
[static.xx.fbcdn.net/rsrc.php/v5/yv/l/0,cross/7dAKDvMED0ZyChOd5VEFEWxgo-3469oiGssSOK1ciB2RfgQe914iiBfONMKn3YhINqU49pVNahkCk.css]
[static.xx.fbcdn.net/rsrc.php/v4i_054/yf/l/en_GB-j/OpJg205EIIO.js]
[static.xx.fbcdn.net/rsrc.php/v4i-N74/yK/l/en_GB-j/cQClU51mUg-82Yz_4vfOJLv_kkAv_-wGQcn8k0y_thONo444dPwK5j6TwtLrXUTYvOyha1xUJa7mN-bzdVyW-oH2--sayTJ-pCBpj90JSJfjz-fAozIMNFBkk0zkd9jeH7vlOmq97LhqYGU-6WbiBCT8LXsJr2udOSnjr]
[static.xx.fbcdn.net/rsrc.php/v4iDff4/yB/l/en_GB-j/0dyM-gxVfXJ.js]
[static.xx.fbcdn.net/rsrc.php/v4i0LN4/ym/l/en_GB-j/egl8wzvJsNy.js]
[static.xx.fbcdn.net/rsrc.php/v4isXz4/yT/l/en_GB-j/o7vdngwmGive1aIo0_Kp2I_OCPKdynbO-ORcfPK0bteBtDWlMzFaZDiGKX9I3cdSFu131EgksHw1SD5Kx7M_s2-w5LLpd-T4dARs8iKaFvlAkFK5FVVF5jZySqgBZB0ewqNVYWy6gdZA6aAdyRjSS81t8PUBC-AdTQJOP]
[static.xx.fbcdn.net/rsrc.php/v4iJVq4/yR/l/en_GB-j/S7bYHacfMI-.js]
[static.xx.fbcdn.net/rsrc.php/v4/yH/r/M8eLT7nmW99.js]
[static.xx.fbcdn.net/rsrc.php/v4iAul4/yn/l/en_GB-j/Yt-u8-idYsDjTTOBJb9vdkMR7HQoF_IvN-BgnbM-XnYX3nDNP8Ae19zUkn0kUhAaHVaKU40cUh6b9JgEVNDaC72jNRwj5KhlihL9BYt_iI8euw7aQ0tIzpYe-IsG-L8hsXW0.js]
[www.youtube.com/@ignou]
[www.youtube.com/@ignou]
[aws.imd.gov.in_8091/display/index76bd.php]
[accounts.google.com/v3/signin/identifier2749]
[www.ignou.ac.in/pages/49]
[www.ignou.ac.in/pages/50]
[www.ignou.ac.in/pages/51]
[www.ignou.ac.in/pages/52]
[www.ignou.ac.in/pages/53]
[www.ignou.ac.in/pages/54]
[scontent.fdel57-2.fna.fbcdn.net/v/t39.30808-6/508661615_3151014235048713_597265550519985378_nadd0.jpg]
[scontent.fdel57-2.fna.fbcdn.net/v/t39.30808-6/508661615_3151014235048713_597265550519985378_ne7a1.jpg]
[www.ignou.ac.in/pages/55]
[scontent.fdel57-2.fna.fbcdn.net/v/t39.30808-1/825327431_1124654916885739_2491693629103439895_n639c.jpg]
[static.xx.fbcdn.net/rsrc.php/v4iJ9L4/yL/l/en_GB-j/XoIwZup0AOn-MuW2u1h1gs9142-YOBe0cQ6n7BlkiAh4zjI7ZYYw5jnq5RVnOyDa9I1ASgbdoO7fS0zJX3G-PxLyCAbtu0QbKnokgM2UFGbIfL4DQpjY0ZzK56ksuRPkBabORTrS9CJnE_44VLx7yqfy9BNXURzZVh3CZ]
[www.ignou.ac.in/pages/56]
[static.xx.fbcdn.net/rsrc.php/v4ii914/yp/l/en_GB-j/p6is2dROfPq.js]
[www.ignou.ac.in/pages/57]
[static.xx.fbcdn.net/rsrc.php/v4/yD/r/d5U8nRWK_pH.js]
[sites.google.com/ignou.ac.in/weas]
[static.xx.fbcdn.net/rsrc.php/yL/r/VLNVMYsRNQ9.webp]
[static.xx.fbcdn.net/rsrc.php/yH/r/tL0h0V4PmET.webp]
[www.ignou.ac.in/pages/178]
[static.xx.fbcdn.net/rsrc.php/y-/r/aa_l5zrpN2S.webp]
[static.xx.fbcdn.net/rsrc.php/ya/r/3o9J8sZvP-9.webp]
[exam.ignou.ac.in/index.html]
[static.xx.fbcdn.net/rsrc.php/y2/r/U8mmifbPI69.webp]
[static.xx.fbcdn.net/rsrc.php/yi/r/slRk63CkQm-.webp]
[www.ignou.ac.in/pages/280]
[static.xx.fbcdn.net/rsrc.php/yU/r/Ng23ZhjhWNZ.webp]
[scontent.fdel57-2.fna.fbcdn.net/v/t39.99422-6/839934718_1093994873559578_6342693001340310247_nada7.png]
[igram.ignou.ac.in/index.html]
[scontent.fdel57-1.fna.fbcdn.net/v/t39.99422-6/837569693_1989927891967244_2728664950895649569_ndff6.png]
[scontent.fdel57-2.fna.fbcdn.net/v/t39.99422-6/836512530_1105819951937983_2800973018668860740_ne248.png]
[www.ignou.ac.in/pages/62]
[scontent.fdel57-2.fna.fbcdn.net/v/t39.99422-6/835358387_2632271007209296_143007813352619678_n5421.png]
[scontent.fdel57-2.fna.fbcdn.net/v/t39.99422-6/838744506_1112291251747938_3392562747158958473_n17f9.png]
[ignoualumni.samarth.edu.in/index.html]
[scontent.fdel57-2.fna.fbcdn.net/v/t39.99422-6/838716758_2349761809092569_3463623522235931968_nfc48.png]
[www.ignou.ac.in/pages/64]
[scontent.fdel57-1.fna.fbcdn.net/v/t39.99422-6/835750268_1665478215011270_1001880321613889516_ndcbb.png]
[scontent.fdel57-2.fna.fbcdn.net/v/t39.99422-6/838746747_1749317819678312_4016647815262688748_nbeef.png]
[www.ignou.ac.in/pages/65]
[scontent.fdel57-2.fna.fbcdn.net/v/t39.99422-6/837402628_38878528248457742_4732857452130798533_n7a60.png]
[www.ignou.ac.in/pages/66]
[www.youtube.com/s/desktop/5a9b4a4e/img/favicon.ico]
[www.ignou.ac.in/pages/1]
[www.youtube.com/s/desktop/5a9b4a4e/img/favicon_32x32.png]
[www.youtube.com/s/desktop/5a9b4a4e/img/favicon_48x48.png]
[www.ignou.ac.in/pages/4]
[www.youtube.com/s/desktop/5a9b4a4e/img/favicon_96x96.png]
[www.youtube.com/s/desktop/5a9b4a4e/img/favicon_144x144.png]
[termendresult.ignou.ac.in/login.aspx]
[www.youtube.com/s/desktop/5a9b4a4e/jsbin/web-animations-next-lite.min.vflset/web-animations-next-lite.min.js]
[gradecard.ignou.ac.in/gradecard/index.html]
[www.youtube.com/s/desktop/5a9b4a4e/jsbin/webcomponents-all-noPatch.vflset/webcomponents-all-noPatch.js]
[www.youtube.com/s/desktop/5a9b4a4e/jsbin/fetch-polyfill.vflset/fetch-polyfill.js]
[www.ignou.ac.in/index.html]
[www.youtube.com/s/desktop/5a9b4a4e/jsbin/intersection-observer.min.vflset/intersection-observer.min.js]
[www.youtube.com/s/desktop/5a9b4a4e/jsbin/scheduler.vflset/scheduler.js]
[accounts.google.com/v3/signin/identifier2749]
[www.youtube.com/s/desktop/5a9b4a4e/jsbin/www-i18n-constants-en_US.vflset/www-i18n-constants.js]
[www.ignou.ac.in/pages/205]
[www.youtube.com/s/desktop/5a9b4a4e/jsbin/spf.vflset/spf.js]
[www.youtube.com/s/desktop/5a9b4a4e/jsbin/network.vflset/network.js]
[www.ignou.ac.in/pages/219]
[www.ignou.ac.in/announcement/Career974d]
[www.youtube.com/manifest.webmanifest]
[www.youtube.com/opensearch97fa]
[www.ignou.ac.in/pages/218]
[shebox.wcd.gov.in/index.html]
[www.youtube.com/t/contact_us/index.html]
[cuignou.samarth.ac.in/index.php/site/login]
[www.youtube.com/ads/index.html]
[freedom2learn.ignouonline.ac.in/pages/index.html]
[sites.google.com/ignou.ac.in/ignouudyami/index.html]
[developers.google.com/youtube]
[www.youtube.com/t/terms]
[iop.ignouonline.ac.in/index.html]
[ignoualumni.samarth.edu.in/index.php/site/login]
[www.youtube.com/s/_/ytmainappweb/_/js/k=ytmainappweb.kevlar_base.en_US.q4zxEzgOMq0.es5.O/am=AAAAABAAEICU/d=1/rs=AGKMywFHPJR4FOBcoN9zSPYAl7M389OLdQ/m=kevlar_base_module,kevlar_main_module,kevlar_base_sync_mod_chunk]
[www.studyinindia.gov.in/admission/registrations]
[www.youtube.com/index.html]
[www.youtube.com/new]
[www.ignou.ac.in/pages/222]
[www.youtube.com/feeds/videosc48c.xml]
[yt3.googleusercontent.com/ytc/AIdro_nkN5QTgmDaxTZLF1q-ZXxDxQUbwCQXFSUz3ato4wG6Fg=s900-c-k-c0x00ffffff-no-rj]
[journal.ignouonline.ac.in/index.html]
[www.ignou.ac.in/pages/281]
[x.com/OfficialIGNOU]
[m.facebook.com/OfficialPageIGNOU]
[scontent.xx.fbcdn.net/index.html]
[ssl.gstatic.com/atari/images/impression-header.png]
[www.youtube.com/creators/index.html]
[apis.google.com/js/clientc932.js]
[video.xx.fbcdn.net/index.html]
[static.xx.fbcdn.net/rsrc.php/v5/yv/l/0,cross/7dAKDvMED0ZyChOd5VEFEWxgo-3469oiGssSOK1ciB2RfgQe914iiBfONMKn3YhINqU49pVNahkCk.css]
[www.youtube.com/channel/UCnwKLesJR7SCPdxqiM-0lYA]
[static.xx.fbcdn.net/rsrc.php/v4/yW/r/fHBhqPgSQ_n.js]
[sites.google.com/ignou.ac.in/weas/login]
[sites.google.com/ignou.ac.in/weas/home]
[sites.google.com/ignou.ac.in/weas/new-programmes-on-weas]
[static.xx.fbcdn.net/rsrc.php/v4iAul4/yn/l/en_GB-j/Yt-u8-idYsDjTTOBJb9vdkMR7HQoF_IvN-BgnbM-XnYX3nDNP8Ae19zUkn0kUhAaHVaKU40cUh6b9JgEVNDaC72jNRwj5KhlihL9BYt_iI8euw7aQ0tIzpYe-IsG-L8hsXW0.js]
[sites.google.com/ignou.ac.in/weas/register-now]
[sites.google.com/ignou.ac.in/weas/magds]
[static.xx.fbcdn.net/rsrc.php/v4i_054/yf/l/en_GB-j/OpJg205EIIO.js]
[sites.google.com/ignou.ac.in/weas/madp]
[sites.google.com/ignou.ac.in/weas/macs]
[sites.google.com/ignou.ac.in/weas/mass]
[static.xx.fbcdn.net/rsrc.php/v4i-N74/yK/l/en_GB-j/cQClU51mUg-82Yz_4vfOJLv_kkAv_-wGQcn8k0y_thONo444dPwK5j6TwtLrXUTYvOyha1xUJa7mN-bzdVyW-oH2--sayTJ-pCBpj90JSJfjz-fAozIMNFBkk0zkd9jeH7vlOmq97LhqYGU-6WbiBCT8LXsJr2udOSnjr]
[sites.google.com/ignou.ac.in/bscg/home]
[sites.google.com/ignou.ac.in/bscchem]
[sites.google.com/ignou.ac.in/bscgmath/home]
[static.xx.fbcdn.net/rsrc.php/v4isXz4/yT/l/en_GB-j/o7vdngwmGive1aIo0_Kp2I_OCPKdynbO-ORcfPK0bteBtDWlMzFaZDiGKX9I3cdSFu131EgksHw1SD5Kx7M_s2-w5LLpd-T4dARs8iKaFvlAkFK5FVVF5jZySqgBZB0ewqNVYWy6gdZA6aAdyRjSS81t8PUBC-AdTQJOP]
[sites.google.com/ignou.ac.in/bscgphy/about]
[sites.google.com/ignou.ac.in/bscgeology/about]
[static.xx.fbcdn.net/rsrc.php/v4iDff4/yB/l/en_GB-j/0dyM-gxVfXJ.js]
[sites.google.com/ignou.ac.in/weas/pgdpsm]
[static.xx.fbcdn.net/rsrc.php/v4i0LN4/ym/l/en_GB-j/egl8wzvJsNy.js]
[sites.google.com/ignou.ac.in/bscbch-biochemistry/index.html]
[sites.google.com/ignou.ac.in/weas/pgcap]
[static.xx.fbcdn.net/rsrc.php/v4/yH/r/M8eLT7nmW99.js]
[sites.google.com/ignou.ac.in/weas/cpve]
[sites.google.com/ignou.ac.in/weas/cis]
[static.xx.fbcdn.net/rsrc.php/v4iJVq4/yR/l/en_GB-j/S7bYHacfMI-.js]
[sites.google.com/ignou.ac.in/weas/cvap]
[sites.google.com/ignou.ac.in/weas/cpahm]
[www.w3.org/2000/svg]
[sites.google.com/ignou.ac.in/weas/dul]
[sites.google.com/ignou.ac.in/weas/cpy]
[www.facebook.com/OfficialPageIGNOU/theaustralian.com.au]
[sites.google.com/ignou.ac.in/weas/dvapfv]
[www.facebook.com/OfficialPageIGNOU/news.com.au]
[sites.google.com/ignou.ac.in/weas/caht]
[www.facebook.com/OfficialPageIGNOU/kollosche.com.au]
[sites.google.com/ignou.ac.in/weas/pgdfsqm]
[www.facebook.com/OfficialPageIGNOU/awstrack.me]
[sites.google.com/ignou.ac.in/weas/ddt]
[www.facebook.com/OfficialPageIGNOU/apple.com.au]
[sites.google.com/ignou.ac.in/weas/cpatha]
[www.facebook.com/OfficialPageIGNOU/gwyKh3]
[sites.google.com/ignou.ac.in/weas/acise]
[www.facebook.com/OfficialPageIGNOU/37aIUf]
[sites.google.com/ignou.ac.in/weas/cvaa]
[www.facebook.com/OfficialPageIGNOU/GG03UK]
[sites.google.com/ignou.ac.in/weas/dna]
[www.facebook.com/OfficialPageIGNOU/Fw8JR9]
[sites.google.com/ignou.ac.in/weas/acpsd]
[www.facebook.com/OfficialPageIGNOU/YfajRO]
[sites.google.com/ignou.ac.in/weas/cpf]
[www.facebook.com/OfficialPageIGNOU/cFLwit]
[sites.google.com/ignou.ac.in/weas/cwhm]
[www.facebook.com/OfficialPageIGNOU/LYgQ93]
[sites.google.com/ignou.ac.in/weas/cfde]
[www.facebook.com/OfficialPageIGNOU/3EeMHR]
[sites.google.com/ignou.ac.in/weas/cfaid]
[www.facebook.com/OfficialPageIGNOU/VPNbRL]
[sites.google.com/ignou.ac.in/weas/pgccc]
[www.facebook.com/OfficialPageIGNOU/ZZJ364]
[sites.google.com/ignou.ac.in/weas/cswm]
[www.facebook.com/OfficialPageIGNOU/fla1ti]
[sites.google.com/ignou.ac.in/weas/cnin]
[www.facebook.com/OfficialPageIGNOU/XSbPW]
[sites.google.com/ignou.ac.in/weas/pgdet]
[static.xx.fbcdn.net/rsrc.php/v4iJ9L4/yL/l/en_GB-j/XoIwZup0AOn-MuW2u1h1gs9142-YOBe0cQ6n7BlkiAh4zjI7ZYYw5jnq5RVnOyDa9I1ASgbdoO7fS0zJX3G-PxLyCAbtu0QbKnokgM2UFGbIfL4DQpjY0ZzK56ksuRPkBabORTrS9CJnE_44VLx7yqfy9BNXURzZVh3CZ]
[sites.google.com/ignou.ac.in/weas/cahc]
[sites.google.com/ignou.ac.in/weas/cmchn]
[static.xx.fbcdn.net/rsrc.php/v4ii914/yp/l/en_GB-j/p6is2dROfPq.js]
[sites.google.com/ignou.ac.in/weas/pgcinds]
[sites.google.com/ignou.ac.in/weas/cplt]
[static.xx.fbcdn.net/rsrc.php/v4/yD/r/d5U8nRWK_pH.js]
[sites.google.com/ignou.ac.in/weas/b-a-performing-arts-hindustani-music-hons-bapfhmh]
[sites.google.com/ignou.ac.in/weas/ccpd]
[www.facebook.com/OfficialPageIGNOU/Zw276C]
[sites.google.com/ignou.ac.in/weas/cscdm]
[www.facebook.com/OfficialPageIGNOU/Sl2mOF]
[sites.google.com/ignou.ac.in/weas/dscdm]
[www.facebook.com/OfficialPageIGNOU/TYz7vS]
[www.ignou.ac.in/images/banners/lddB.jpg]
[sites.google.com/ignou.ac.in/weas/contact-us]
[www.youtube.com/error_2049a45]
[i.ytimg.com/generate_204]
[sites.google.com/ignou.ac.in/weas/about-weas]
[fonts.googleapis.com/css2aa78]
[sites.google.com/ignou.ac.in/weas/login_1]
[www.youtube.com/s/desktop/5a9b4a4e/cssbin/www-onepick.css]
[www.youtube.com/s/_/ytmainappweb/_/ss/k=ytmainappweb.kevlar_base.XZ-2K3UpLiY.L.X.O/am=AAAAABDAEMCe/d=0/rs=AGKMywFsusWWi7XNCe6Eu1P_1xAOcBvnug]
[accounts.google.com/ServiceLogin1666]
[sites.google.com/ignou.ac.in/weas/index.html]
[www.youtube.com/index.html]
[www.youtube.com/about/index.html]
[www.youtube.com/about/press/index.html]
[www.youtube.com/about/copyright/index.html]
[www.youtube.com/t/contact_us/index.html]
[www.ignou.ac.in/images/ldd/gallery/kohaAdmin.jpg]
[www.ignou.ac.in/images/ldd/gallery/opac.jpg]
[www.ignou.ac.in/images/LDD/pp/Jagajeevan.jpg]
[www.youtube.com/creators/index.html]
[www.ignou.ac.in/images/LDD/pp/Seema.jpg]
[www.youtube.com/ads/index.html]
[exam.ignou.ac.in/js/jquery-1.9.1.js]
[developers.google.com/youtube]
[exam.ignou.ac.in/js/bootstrap.js]
[exam.ignou.ac.in/js/bootstrap.min.css]
[www.youtube.com/t/terms]
[igram.ignou.ac.in/assets/font-awesome/css/font-awesome.min.css]
[igram.ignou.ac.in/assets/css/bootstrap.css]
[www.youtube.com/t/privacy]
[igram.ignou.ac.in/ScriptResourcee02a.axd]
[www.youtube.com/about/policies/index.html]
[igram.ignou.ac.in/ScriptResource8d08.axd]
[www.youtube.com/howyoutubeworksd320]
[igram.ignou.ac.in/ScriptResourcee759.axd]
[igram.ignou.ac.in/ScriptResource81f6.axd]
[www.youtube.com/new]
[igram.ignou.ac.in/ScriptResourcebacd.axd]
[igram.ignou.ac.in/ScriptResource3579.axd]
[igram.ignou.ac.in/ScriptResource0232.axd]
[igram.ignou.ac.in/ScriptResourcead6e.axd]
[igram.ignou.ac.in/ScriptResource10b0.axd]
[igram.ignou.ac.in/ScriptResource3fcf.axd]
[igram.ignou.ac.in/ScriptResource9ffc.axd]
[igram.ignou.ac.in/assets/images/ignou logo.png]
[igram.ignou.ac.in/assets/images/gallery.png]
[igram.ignou.ac.in/Alerts/Doc - Nov 16 2021 - 5-21 PM.jpg]
[exam.ignou.ac.in/include/ignou.css]
[igram.ignou.ac.in/Alerts/validity.jpg]
[igram.ignou.ac.in/Alerts/NOTIFICATION_0001.pdf]
[igram.ignou.ac.in/Alerts/wtcw.pdf]
[igram.ignou.ac.in/assets/css/custom.css]
[igram.ignou.ac.in/Alerts/Email ID and Telephone Numbers of officials dealing with student grievances.pdf]
[igram.ignou.ac.in/Alerts/Doc - 30-Nov-2018 - 3-44 PM - p1.jpg]
[isms.ignou.ac.in/changeadmdata/AdmissionStatusNew.ASP]
[www.ignou.ac.in/images/cards/programmes.jpg]
[www.ignou.ac.in/images/cards/admissions.jpg]
[igram.ignou.ac.in/ScriptResource7cb3.axd]
[www.ignou.ac.in/images/cards/aCalender.jpg]
[www.ignou.ac.in/images/cards/payment.jpg]
[www.ignou.ac.in/images/cards/slm.jpg]
[www.ignou.ac.in/images/cards/downloads.jpg]
[www.ignou.ac.in/images/cards/aCounselling.jpg]
[www.ignou.ac.in/images/cards/swayam.jpg]
[www.ignou.ac.in/images/cards/sp.jpg]
[www.ignou.ac.in/images/cards/weas.jpg]
[www.ignou.ac.in/images/cards/library.jpg]
[www.ignou.ac.in/images/cards/results.jpg]
[www.ignou.ac.in/images/cards/exam.jpg]
[www.ignou.ac.in/images/cards/igram.jpg]
[www.ignou.ac.in/images/cards/convocation.jpg]
[www.ignou.ac.in/images/cards/alumni.jpg]
[www.ignou.ac.in/images/cards/faq.jpg]
[www.ignou.ac.in/images/cards/status.jpg]
[www.ignou.ac.in/images/cards/innovations.jpg]
[termendresult.ignou.ac.in/styleb07b.css]
[termendresult.ignou.ac.in/assets/css/bootstrap.css]
[termendresult.ignou.ac.in/images/LOGO1.png]
[termendresult.ignou.ac.in/images/naac_TRANS.PNG]
[termendresult.ignou.ac.in/ScriptResourceb24c.axd]
[www.ignou.ac.in/assets/img/banners/banner01.jpg]
[www.ignou.ac.in/assets/img/banners/banner02.jpg]
[termendresult.ignou.ac.in/ScriptResourcec1f0.axd]
[termendresult.ignou.ac.in/ScriptResource6473.axd]
[www.ignou.ac.in/assets/img/admBg.png]
[swayam.gov.in/IGNOU]
[www.ignou.ac.in/images/vc.jpg]
[www.ignou.ac.in/assets/img/networkBg.png]
[www.ignou.ac.in/assets/img/ignouPic.jpg]
[www.ignou.ac.in/assets/img/oeBg.png]
[www.ignou.ac.in/images/schools/soa.jpg]
[www.ignou.ac.in/assets/img/bouBg.png]
[www.ignou.ac.in/images/schools/soce.jpg]
[www.ignou.ac.in/images/schools/socis.jpg]
[www.ignou.ac.in/assets/img/coursesIcon.png]
[www.ignou.ac.in/images/schools/soe.jpg]
[www.ignou.ac.in/assets/img/naacIcon.png]
[www.ignou.ac.in/assets/img/eduIcon.png]
[www.ignou.ac.in/images/schools/soeds.jpg]
[www.ignou.ac.in/images/schools/soet.jpg]
[www.ignou.ac.in/images/schools/sofl.jpg]
[www.ignou.ac.in/images/schools/sogds.jpg]
[www.ignou.ac.in/assets/img/nirfIcon.png]
[www.ignou.ac.in/images/schools/soh.jpg]
[www.ignou.ac.in/images/schools/sohs.jpg]
[www.ignou.ac.in/images/schools/soits.jpg]
[www.ignou.ac.in/images/schools/sojnms.jpg]
[www.ignou.ac.in/images/schools/sol.jpg]
[www.ignou.ac.in/images/schools/soms.jpg]
[www.ignou.ac.in/images/schools/sopva.jpg]
[www.ignou.ac.in/images/schools/sos.jpg]
[www.ignou.ac.in/images/schools/soss.jpg]
[www.ignou.ac.in/images/schools/sosw.jpg]
[www.ignou.ac.in/images/schools/sothsm.jpg]
[www.ignou.ac.in/images/schools/sotst.jpg]
[www.ignou.ac.in/images/schools/sovet.jpg]
[www.ignou.ac.in/images/programmes/bca_new.jpg]
[www.ignou.ac.in/images/programmes/bca_newol.jpg]
[www.ignou.ac.in/images/programmes/mca_new.jpg]
[www.ignou.ac.in/images/programmes/pgdca_new.jpg]
[www.ignou.ac.in/images/programmes/pgddrrm.jpg]
[www.ignou.ac.in/images/programmes/pgdtrbs.jpg]
[www.ignou.ac.in/images/programmes/pgdwam.jpg]
[www.ignou.ac.in/images/programmes/mfap.jpg]
[www.ignou.ac.in/images/programmes/mswol.jpg]
[www.ignou.ac.in/images/programmes/qpnm.jpg]
[www.ignou.ac.in/images/programmes/mahd.jpg]
[www.ignou.ac.in/images/programmes/maeg.jpg]
[www.ignou.ac.in/images/programmes/bscffad.jpg]
[www.ignou.ac.in/images/programmes/maso.jpg]
[www.ignou.ac.in/images/programmes/mscaiml.jpg]
[www.ignou.ac.in/images/programmes/pgdindsol.jpg]
[www.ignou.ac.in/images/programmes/pgdevsol.jpg]
[www.ignou.ac.in/images/programmes/bamsaps.jpg]
[www.ignou.ac.in/images/programmes/mpatha.jpg]
[www.ignou.ac.in/images/programmes/bscaps.jpg]
[www.ignou.ac.in/assets/img/egyankosh.jpg]
[www.ignou.ac.in/assets/img/gyanDarshan.jpg]
[www.ignou.ac.in/assets/img/ignouEcontent.jpg]
[www.ignou.ac.in/assets/img/splive.jpg]
[www.ignou.ac.in/assets/img/gyandhara.jpg]
[www.ignou.ac.in/assets/img/reddyLibr.jpg]
[www.ignou.ac.in/assets/img/testiImg2.png]
[www.ignou.ac.in/assets/img/testiImg1.png]
[www.ignou.ac.in/assets/img/testiImg3.png]
[www.ignou.ac.in/assets/img/testiImg4.png]
[play.google.com/store/apps/detailsa82c]
[www.ignou.ac.in/assets/img/testiImg5.png]
[www.ignou.ac.in/assets/img/testiImg6.png]
[www.ignou.ac.in/assets/img/testiImg7.png]
[www.ignou.ac.in/assets/img/testiImg8.png]
[www.ignou.ac.in/assets/img/testiImg9.png]
[ssl.gstatic.com/i18n/flags/48x32/nobevel/063708a09723aa13639468def709ad19/flags.png]
[www.gstatic.com/_/mss/boq-identity/_/js/k=boq-identity.AccountsSignInUi.en_US.oYcE8o0xL/am=nw9EAAAAABx4IwFA_wYAECBYB7zXAjABQgYAAAAAABAA/d=1/excm=_b,_tp,identifierview/ed=1/dg=0/wt=2/ujg=1/rs=AOaEmlFMwVmQ/m=_b,_tp]
[fonts.gstatic.com/s/googlesans/v62/4Ua_rENHsxJlGDuGo1OIlJfC6l_24rlCK1Yo_Iqcsih3SAyH6cAwhX9RFD48TE63OOYKtrwEIJllpyw.ttf]
[www.gstatic.com/images/branding/googleg_gradient/svg/googleg_gradient_standard_48px.svg]
[accounts.google.com/v3/signin/https_]
[accounts.google.com/TOS743c]
[www.ignou.ac.in/images/banners/emplBanner.jpg]
[accounts.google.com/TOS37dd]
[www.ignou.ac.in/viewFile/services/employee_services/NoticeaboutempanelledhospitalswithIGNOU.pdf]
[www.ignou.ac.in/viewFile/services/empanelled_hospitals/List-of-Empanelled-Hospital.pdf]
[www.ignou.ac.in/viewFile/services/house_allotment/HAC-Rules-IGNOU-165th-BOM.pdf]
[www.ignou.ac.in/viewFile/AD/notification/Circular_79th_HAC.pdf]
[www.ignou.ac.in/viewFile/AD/notification/Addendum-79th-HAC-Circular.pdf]
[www.ignou.ac.in/viewFile/services/house_allotment/TYPE-1-HOUSE-ALLOTTMENT.pdf]
[www.ignou.ac.in/viewFile/services/house_allotment/TYPE-3A-HOUSE-ALLOTTMENT.pdf]
[www.ignou.ac.in/viewFile/services/house_allotment/TYPE-2-HOUSE-ALLOTTMENT.pdf]
[www.ignou.ac.in/viewFile/services/house_allotment/TYPE-3NA-HOUSE-ALLOTTMENT.pdf]
[accounts.google.com/v3/signin/rejectedc516]
[www.ignou.ac.in/viewFile/services/house_allotment/TYPE-5-HOUSE-ALLOTTMENT.pdf]
[www.ignou.ac.in/images/banners/careerB.jpg]
[www.ignou.ac.in/viewFile/ad/notification/Detailed_Advertisement.pdf]
[www.ignou.ac.in/viewFile/acd/notification/Advertisement-IGNOU-2026.pdf]
[www.ignou.ac.in/viewFile/acd/notification/Eligiblity-2.pdf]
[www.ignou.ac.in/viewFile/acd/notification/Eligiblity-3.pdf]
[www.ignou.ac.in/viewFile/acd/notification/Eligiblity-1.pdf]
[www.ignou.ac.in/viewFile/acd/notification/employment_news.pdf]
[www.ignou.ac.in/viewFile/ad/notification/Advertisement.pdf]
[www.ignou.ac.in/viewFile/ad/notification/Notification-SeniorConsultent-AD.pdf]
[www.ignou.ac.in/viewFile/ad/notification/Application-Extension.pdf]
[www.ignou.ac.in/viewFile/ad/notification/ADMINISTRATIVE-ASSOCIATES-(GA).pdf]
[www.ignou.ac.in/viewFile/cmd/notification/Advertisement_Sr_Consultant_CMD.pdf]
[www.ignou.ac.in/viewFile/sohs/notification/Advertisement-Consultant-SOHS.pdf]
[www.ignou.ac.in/viewFile/acd/notification/Notification-Consultant-ACD.pdf]
[www.ignou.ac.in/viewFile/sofl/notification/German-Consultant.pdf]
[www.youtube.com/channel/UCnwKLesJR7SCPdxqiM-0lYA]
[www.ignou.ac.in/viewFile/sofl/notification/German.pdf]
[m.youtube.com/@ignou]
[www.ignou.ac.in/viewFile/soss/notification/Consultant-Economics.pdf]
[www.ignou.ac.in/viewFile/soss/notification/DocScanner.pdf]
[www.youtube.com/android-app_/com.google.android.youtube/http/www.youtube.com/channel/UCnwKLesJR7SCPdxqiM-0lYA]
[www.ignou.ac.in/viewFile/sofl/notification/Spanish-Consultant.pdf]
[www.ignou.ac.in/viewFile/sofl/notification/SOFL-Consultant.pdf]
[www.youtube.com/ios-app_/544007664/vnd.youtube/www.youtube.com/channel/UCnwKLesJR7SCPdxqiM-0lYA]
[www.ignou.ac.in/viewFile/soms/notification/Note-PDF.pdf]
[www.ignou.ac.in/viewFile/ru/notification/NOTIFICATION-CONSULTANT-RESEARCH-UNIT.pdf]
[www.ignou.ac.in/viewFile/ru/notification/ADVERTISEMENT-NEWSPAPER.pdf]
[www.ignou.ac.in/viewFile/soe/notification/School-of-Education-Consultant-2025.pdf]
[www.youtube.com/s/desktop/5a9b4a4e/cssbin/www-main-desktop-watch-page-skeleton.css]
[www.ignou.ac.in/viewFile/sohs/notification/Advertisemnt-for-the-consultant-in-Health-Sciences.pdf]
[www.ignou.ac.in/viewFile/sohs/notification/Newspaper-Advertisement.pdf]
[www.ignou.ac.in/pages/221]
[www.ignou.ac.in/viewFile/ru/notification/Academic-Associate-Advertisement.pdf]
[sites.google.com/ignou.ac.in/POST]
[www.ignou.ac.in/viewFile/sohs/notification/Advertisemnt-for-the-Consultant-Yoga.pdf]
[sites.google.com/ignou.ac.in/_/ss/index.html]
[www.ignou.ac.in/viewFile/sohs/notification/Newspaper-Advertisement-Yoga.jpg]
[sites.google.com/ignou.ac.in/weas/home]
[www.ignou.ac.in/viewFile/sotst/notification/Advertisement-Consultant-Academic-SINDHIpdf.pdf]
[sites.google.com/ignou.ac.in/weas/login]
[www.ignou.ac.in/viewFile/empc/notification/Engagement-of-2-consultants-(Video-Editing)-EMPC.pdf]
[www.ignou.ac.in/viewFile/ad/notification/Consultant-Legal-Full-time.pdf]
[sites.google.com/ignou.ac.in/weas/new-programmes-on-weas]
[www.ignou.ac.in/viewFile/ad/notification/Engagement-Sr.Consultant(Administration)on contractual basis.pdf]
[www.ignou.ac.in/viewFile/soss/notification/Short_Notification.jpg]
[www.ignou.ac.in/viewFile/soss/notification/Full_Advertisement.pdf]
[sites.google.com/ignou.ac.in/weas/register-now]
[www.ignou.ac.in/viewFile/empc/notification/Extend_Consultant_EMPC.pdf]
[www.ignou.ac.in/viewFile/soss/notification/Consultant-PA.pdf]
[sites.google.com/ignou.ac.in/weas/magds]
[www.ignou.ac.in/viewFile/soss/notification/consultant.jpg]
[www.ignou.ac.in/viewFile/hlc/notification/Engagement-of-Staff-Nurse-on-Contractual-basis.pdf]
[sites.google.com/ignou.ac.in/weas/madp]
[www.ignou.ac.in/viewFile/acd/notification/Revised-Consultant-Advertisement.pdf]
[www.ignou.ac.in/viewFile/cmd/notification/Advertisement-Consultant position(Contract)_CMD.pdf]
[sites.google.com/ignou.ac.in/weas/mass]
[www.ignou.ac.in/viewFile/soss/notification/Consultant-Anthropology.pdf]
[www.ignou.ac.in/viewFile/sotst/notification/Advertisement.pdf]
[sites.google.com/ignou.ac.in/weas/macs]
[www.ignou.ac.in/viewFile/sotst/notification/Extension_of_last_date.pdf]
[www.ignou.ac.in/viewFile/sopva/notification/ConsultantAdvertisement-painting.pdf]
[sites.google.com/ignou.ac.in/bscg/home]
[www.ignou.ac.in/viewFile/sopva/notification/ApplicationForm.pdf]
[www.ignou.ac.in/viewFile/sojnms/notification/Consultant_Advertisement_JMC.pdf]
[sites.google.com/ignou.ac.in/bscchem]
[www.ignou.ac.in/viewFile/empc/notification/empcJobJan25.pdf]
[www.ignou.ac.in/viewFile/hq/cash/CASH Notification 2025.pdf]
[sites.google.com/ignou.ac.in/bscgmath/home]
[www.ignou.ac.in/viewFile/hq/cash/Complaint form.pdf]
[sites.google.com/ignou.ac.in/bscgphy/about]
[www.ignou.ac.in/viewFile/hq/cash/Revised POLICY for Prevention of Sexual Harassment at the WP.pdf]
[sites.google.com/ignou.ac.in/bscgeology/about]
[shebox.wcd.gov.in/assets/web_assets/css/stylecfce.css]
[sites.google.com/ignou.ac.in/bscbch-biochemistry/index.html]
[shebox.wcd.gov.in/assets/web_assets/css/bootstrap.mincfce.css]
[sites.google.com/ignou.ac.in/weas/pgcap]
[fonts.googleapis.com/index.html]
[sites.google.com/ignou.ac.in/weas/pgdpsm]
[sites.google.com/ignou.ac.in/weas/cpve]
[sites.google.com/ignou.ac.in/weas/cpahm]
[shebox.wcd.gov.in/assets/bower_components/sweetalert/css/sweetalert.css]
[shebox.wcd.gov.in/assets/web_assets/images/favicon.ico]
[shebox.wcd.gov.in/assets/web_assets/css/menucfce.css]
[sites.google.com/ignou.ac.in/weas/cvap]
[shebox.wcd.gov.in/assets/web_assets/css/fontAwesome.css]
[sites.google.com/ignou.ac.in/weas/cis]
[shebox.wcd.gov.in/assets/web_assets/css/dataTables.bootstrap4.min.css]
[shebox.wcd.gov.in/assets/web_assets/css/datatables.responsive.bootstrap4.min.css]
[sites.google.com/ignou.ac.in/weas/dul]
[shebox.wcd.gov.in/assets/web_assets/css/select2.min.css]
[sites.google.com/ignou.ac.in/weas/cpy]
[shebox.wcd.gov.in/assets/web_assets/css/dark-theme-stylecfce.css]
[shebox.wcd.gov.in/screen-reader-access]
[sites.google.com/ignou.ac.in/weas/caht]
[translation-plugin.bhashini.co.in/v3/website_translation_utility.js]
[sites.google.com/ignou.ac.in/weas/pgdfsqm]
[sites.google.com/ignou.ac.in/weas/dvapfv]
[sites.google.com/ignou.ac.in/weas/ddt]
[shebox.wcd.gov.in/about]
[sites.google.com/ignou.ac.in/weas/cvaa]
[shebox.wcd.gov.in/complince_gallery]
[sites.google.com/ignou.ac.in/weas/acise]
[shebox.wcd.gov.in/legalprovision]
[sites.google.com/ignou.ac.in/weas/cpatha]
[shebox.wcd.gov.in/dnoDetailsLists]
[shebox.wcd.gov.in/snoDetailsLists]
[shebox.wcd.gov.in/doDetailsLists]
[sites.google.com/ignou.ac.in/weas/dna]
[shebox.wcd.gov.in/lcDetailsLists]
[sites.google.com/ignou.ac.in/weas/acpsd]
[sites.google.com/ignou.ac.in/weas/cpf]
[shebox.wcd.gov.in/iec_material]
[shebox.wcd.gov.in/nodalOfficerSectionLists]
[shebox.wcd.gov.in/addIndividualForm]
[shebox.wcd.gov.in/addOrganizationForm]
[sites.google.com/ignou.ac.in/weas/cfaid]
[sites.google.com/ignou.ac.in/weas/cwhm]
[shebox.wcd.gov.in/empanelmentReport]
[shebox.wcd.gov.in/assets/usermanual/SheBoxUsermanual(central)-V1.pdf]
[shebox.wcd.gov.in/assets/usermanual/SHe-Box-Centralgovt-Complainant-Usermanual.pdf]
[sites.google.com/ignou.ac.in/weas/cfde]
[shebox.wcd.gov.in/assets/usermanual/SheBoxUsermanual(DNO)-V2.pdf]
[shebox.wcd.gov.in/assets/usermanual/Private-Head-Office-User-Manual.pdf]
[shebox.wcd.gov.in/assets/usermanual/SheBoxUsermanual(state)-V3.pdf]
[shebox.wcd.gov.in/faq]
[sites.google.com/ignou.ac.in/weas/cswm]
[shebox.wcd.gov.in/signin]
[shebox.wcd.gov.in/application/third_party/securimage/securimage_show0ff2.php]
[shebox.wcd.gov.in/application/third_party/securimage/securimage_show5445.php]
[sites.google.com/ignou.ac.in/weas/pgccc]
[shebox.wcd.gov.in/application/third_party/securimage/securimage_play5445.php]
[shebox.wcd.gov.in/application/third_party/securimage/securimage_play436d.php]
[sites.google.com/ignou.ac.in/weas/cnin]
[sites.google.com/ignou.ac.in/weas/cmchn]
[sites.google.com/ignou.ac.in/weas/cahc]
[apps.apple.com/in/app/mission-shakti/id6752487286]
[sites.google.com/ignou.ac.in/weas/pgdet]
[play.google.com/store/apps/details2a62]
[shebox.wcd.gov.in/contact]
[sites.google.com/ignou.ac.in/weas/pgcinds]
[sites.google.com/ignou.ac.in/weas/b-a-performing-arts-hindustani-music-hons-bapfhmh]
[sites.google.com/ignou.ac.in/weas/cplt]
[sites.google.com/ignou.ac.in/weas/ccpd]
[sites.google.com/ignou.ac.in/weas/cscdm]
[sites.google.com/ignou.ac.in/weas/dscdm]
[sites.google.com/ignou.ac.in/weas/login_1]
[sites.google.com/ignou.ac.in/weas/about-weas]
[sites.google.com/ignou.ac.in/weas/contact-us]
[sites.google.com/ignou.ac.in/weas/index.html]
[sites.google.com/ignou.ac.in/_/_]
[shebox.wcd.gov.in/assets/web_assets/iec_material/c6c8485874927d8dd52875803a511856.pdf]
[portal.igotkarmayogi.gov.in/public/toc/do_113569878939262976132/overview]
[sites.google.com/ignou.ac.in/_/sstatic1.histats.com/01c5a.gif]
[portal.igotkarmayogi.gov.in/public/toc/do_1141467507579125761534/overview]
[shebox.wcd.gov.in/assets/web_assets/iec_material/4dc8ff002bcfdc246a2a3ba07c8305bc.pdf]
[www.ignou.ac.in/pages/172]
[shebox.wcd.gov.in/assets/web_assets/iec_material/69a55733b4ca0_She_Box_Compliance_Checklist.pdf]
[shebox.wcd.gov.in/join_sno]
[shebox.wcd.gov.in/join_dno]
[www.ignou.ac.in/pages/173]
[www.ignou.ac.in/pages/175]
[shebox.wcd.gov.in/join_central_min_dept_no]
[www.ignou.ac.in/pages/174]
[shebox.wcd.gov.in/registerOffices]
[shebox.wcd.gov.in/term-conditions]
[www.ignou.ac.in/pages/176]
[shebox.wcd.gov.in/privacy-policy]
[www.ignou.ac.in/pages/180]
[shebox.wcd.gov.in/assets/web_assets/js/jquery.min.js]
[www.ignou.ac.in/pages/179]
[www.ignou.ac.in/pages/177]
[www.ignou.ac.in/pages/181]
[shebox.wcd.gov.in/sitemap]
[www.ignou.ac.in/pages/182]
[shebox.wcd.gov.in/assets/web_assets/js/jquery.dataTables.min.js]
[shebox.wcd.gov.in/cookiepolicy]
[www.ignou.ac.in/pages/183]
[shebox.wcd.gov.in/assets/web_assets/js/select2.min.js]
[shebox.wcd.gov.in/assets/web_assets/js/scroll.js]
[www.ignou.ac.in/pages/2]
[shebox.wcd.gov.in/assets/web_assets/js/bootstrap.min.js]
[shebox.wcd.gov.in/assets/web_assets/js/cookie.js]
[www.ignou.ac.in/pages/16]
[shebox.wcd.gov.in/assets/web_assets/js/viewportchecker.js]
[shebox.wcd.gov.in/assets/web_assets/js/script.js]
[www.ignou.ac.in/images/ldd/gallery/Attachment-25_AcquistionSection.jpg]
[www.ignou.ac.in/images/ldd/gallery/Attachment-26_TechnicalProcessingSection.jpg]
[shebox.wcd.gov.in/assets/web_assets/js/combine.js]
[www.ignou.ac.in/images/ldd/gallery/Attachment-27_ComputerSection.jpg]
[shebox.wcd.gov.in/assets/bower_components/sweetalert/js/sweetalert.min.js]
[www.ignou.ac.in/images/ldd/gallery/Attachment-28_CirculationSection.jpg]
[cuignou.samarth.ac.in/assets/8bf13fb3a8651f5abaae6821c9f9cd56/img/favicon.ico]
[www.ignou.ac.in/images/ldd/gallery/Attachment-29_PeriodicalSection.jpg]
[www.ignou.ac.in/images/ldd/gallery/Attachment-30_GRamReddy_Memorial.jpg]
[www.ignou.ac.in/images/ldd/gallery/Attachment-31_ResearcherArea.jpg]
[www.ignou.ac.in/images/ldd/gallery/Attachment-32_Stack.jpg]
[shebox.wcd.gov.in/refreshCaptcha]
[exam.ignou.ac.in/js/bootstrap.min.css]
[exam.ignou.ac.in/include/ignou.css]
[www.w3.org/1999/xhtml]
[igram.ignou.ac.in/assets/css/bootstrap.css]
[cuignou.samarth.ac.in/uploads/uims/83c301b11330ac6bd673f1b0c14cc7c6f7e82f979c6a2351b474b27013ce055a1_1577162116_83729031_logo.png]
[igram.ignou.ac.in/assets/font-awesome/css/font-awesome.min.css]
[samarth.edu.in/index.html]
[cuignou.samarth.ac.in/assets/0379fbefcc2a4f9edd1010f273dd54c2/jquery.js]
[shebox.wcd.gov.in/assets/web_assets/owl-carousel/owl.carousel.min.css]
[cuignou.samarth.ac.in/assets/3280b3ada47f0ba6facefd54a3e05ffb/yii.js]
[cuignou.samarth.ac.in/assets/3280b3ada47f0ba6facefd54a3e05ffb/yii.validation.js]
[shebox.wcd.gov.in/assets/web_assets/owl-carousel/owl.theme.default.min.css]
[igram.ignou.ac.in/assets/css/custom.css]
[cuignou.samarth.ac.in/assets/3280b3ada47f0ba6facefd54a3e05ffb/yii.activeForm.js]
[cuignou.samarth.ac.in/assets/8316a1e4e53ff3e7e73a4768c3e824de/bootstrap.bundle.js]
[cuignou.samarth.ac.in/assets/4e14337d0503e127609dfb3b751132fb/js/main.js]
[igram.ignou.ac.in/WebResourceac25.axd]
[shebox.wcd.gov.in/assets/web_assets/owl-carousel/owl.carousel.min.js]
[igram.ignou.ac.in/ScriptResourcee02a.axd]
[cuignou.samarth.ac.in/assets/4e14337d0503e127609dfb3b751132fb/js/perfect-scrollbar.js]
[igram.ignou.ac.in/ScriptResource8d08.axd]
[www.googletagmanager.com/gtag/js9f45]
[igram.ignou.ac.in/ScriptResourcee759.axd]
[igram.ignou.ac.in/Default.aspx]
[cdn.jsdelivr.net/npm/mediaelement@4.2.7/build/mediaelementplayer.min.css]
[freedom2learn.ignouonline.ac.in/images/ignouLogo.png]
[igram.ignou.ac.in/AdmLogin.aspx]
[connect.facebook.net/en_US/sdk.js]
[ignouadmission.samarth.edu.in/index.html]
[onlinerr.ignou.ac.in/index.html]
[freedom2learn.ignouonline.ac.in/images/hero_bg_2.jpg]
[ignou-defence.samarth.edu.in/index.html]
[freedom2learn.ignouonline.ac.in/images/vcspeak.jpeg]
[onlineservices.ignou.ac.in/empclive/index.html]
[freedom2learn.ignouonline.ac.in/media/vc.mp3]
[www.ignou.ac.in/faq/06f23]
[freedom2learn.ignouonline.ac.in/pages/image/1]
[cuignou.samarth.ac.in/assets/4e14337d0503e127609dfb3b751132fb/js/custom.js]
[isms.ignou.ac.in/changeadmdata/AdmissionStatusNew.ASP]
[freedom2learn.ignouonline.ac.in/pages/image/2]
[cuignou.samarth.ac.in/assets/4e14337d0503e127609dfb3b751132fb/js/toastr.min.js]
[cuignou.samarth.ac.in/assets/4e14337d0503e127609dfb3b751132fb/js/bs-stepper.min.js]
[gradecard.ignou.ac.in/mpddstatus/Jul26/StudentMaterialStatus.aspx]
[freedom2learn.ignouonline.ac.in/pages/image/3]
[gradecard.ignou.ac.in/mpddstatus/Jan26/StudentMaterialStatus.aspx]
[freedom2learn.ignouonline.ac.in/pages/image/4]
[gradecard.ignou.ac.in/mpddstatus/Jul25/StudentMaterialStatus.aspx]
[freedom2learn.ignouonline.ac.in/pages/image/5]
[gradecard.ignou.ac.in/mpddstatus/Jan25/StudentMaterialStatus.aspx]
[gradecard.ignou.ac.in/mpddstatus/Jul24/StudentMaterialStatus.aspx]
[freedom2learn.ignouonline.ac.in/images/expertSpeak.jpeg]
[gradecard.ignou.ac.in/mpddstatus/Jan24/StudentMaterialStatus.aspx]
[freedom2learn.ignouonline.ac.in/images/freedomToLearn.png]
[gradecard.ignou.ac.in/mpddstatus/Jul23/StudentMaterialStatus.aspx]
[gradecard.ignou.ac.in/mpddstatus/Jan23/StudentMaterialStatus.aspx]
[gradecard.ignou.ac.in/mpddstatus/Jul22/StudentMaterialStatus.aspx]
[freedom2learn.ignouonline.ac.in/js/jquery-3.3.1.min.js]
[freedom2learn.ignouonline.ac.in/js/jquery-ui.js]
[freedom2learn.ignouonline.ac.in/js/jquery-migrate-3.0.1.min.js]
[termendresult.ignou.ac.in/assets/css/bootstrap.css]
[freedom2learn.ignouonline.ac.in/js/bootstrap.min.js]
[freedom2learn.ignouonline.ac.in/js/aos.js]
[termendresult.ignou.ac.in/styleb07b.css]
[freedom2learn.ignouonline.ac.in/js/mediaelement-and-player.min.js]
[termendresult.ignou.ac.in/css/responsive.css]
[freedom2learn.ignouonline.ac.in/js/main.js]
[termendresult.ignou.ac.in/WebResource0ee9.axd]
[termendresult.ignou.ac.in/ScriptResourceb24c.axd]
[ssl.gstatic.com/atari/images/results-not-loaded.svg]
[termendresult.ignou.ac.in/ScriptResource6473.axd]
[freedom2learn.ignouonline.ac.in/pages/image/6]
[sites.google.com/ignou.ac.in/ignouudyami/POST]
[termendresult.ignou.ac.in/ScriptResourcec1f0.axd]
[sites.google.com/new/index.html]
[swayam.gov.in/IGNOU]
[accounts.google.com/o/oauth2/auth]
[splive.ignouonline.ac.in/live]
[accounts.google.com/o/oauth2/postmessageRelay]
[www.gstatic.com/atari/embeds/1662707594e9d2279db9db3af3702f1c/intermediate-frame-minified.html]
[ignouadmission.samarth.edu.in/index.php/site/programmes]
[841546680-atari-embeds.googleusercontent.com/embeds/4ecafecc1008f433734df9cfcf919023/inner-frame-minified.html]
[ignouiop.samarth.edu.in/index.html]
[sites.google.com/new/index7558.html]
[accounts.google.com/o/oauth2/iframe]
[ignouforeigniop.samarth.edu.in/index.html]
[www.gstatic.com/images/branding/productlogos/sites_2026/v3/ico/sites_2026_16dp.ico]
[sites.google.com/index.html]
[ignou-phd.samarth.edu.in/index.php]
[www.youtube.com/channel/UCRGhx5D_mLRZTW3IT_netBQ]
[www.ignou.ac.in/pages/34]
[sites.google.com/ignou.ac.in/ignouudyami/_/ss/index.html]
[www.ignou.ac.in/pages/32]
[sites.google.com/sitesv-images-rt/AMxu72vKHtJTJFjFyrJ9N7k94Mj5cK1UF-gXYQiwlR1ryGt-FtmCCKk-Aj5UwseazlMJ0W5_DdrOtMh1xLVKpPmQqAQuB15UOhOedaQY-F6U3ssA5KEmfuZay2wgifGeWCFDT_qBe87QyuRqRY3-U5AJPxBxXvJq_EGAGAtzEB7AemeW2Neo9]
[www.ignou.ac.in/pages/35]
[sites.google.com/ignou.ac.in/ignouudyami/home]
[www.ignou.ac.in/pages/31]
[sites.google.com/ignou.ac.in/ignouudyami/for-students/feedback]
[sites.google.com/ignou.ac.in/ignouudyami/for-students/join-ignou-udyami]
[www.ignou.ac.in/pages/36]
[sites.google.com/ignou.ac.in/ignouudyami/about]
[sites.google.com/ignou.ac.in/ignouudyami/for-students/guidelines-ignou-udyami]
[www.ignou.ac.in/pages/33]
[sites.google.com/ignou.ac.in/ignouudyami/startups-success-stories/innovative-ideas-of-ignou-students]
[www.ignou.ac.in/pages/37]
[www.ignou.ac.in/pages/38]
[sites.google.com/ignou.ac.in/ignouudyami/resources/udyamita-ki-ore]
[sites.google.com/ignou.ac.in/ignouudyami/resources/udyamita-ki-ore/episode-2-entrepreneur-avenues-in-poultry-sector]
[www.ignou.ac.in/pages/28]
[sites.google.com/ignou.ac.in/ignouudyami/resources/udyamita-ki-ore/episode-1-programme-series-towards-entrepreneurship]
[sites.google.com/ignou.ac.in/ignouudyami/startups-success-stories/stories-of-startupsignou]
[www.ignou.ac.in/pages/39]
[sites.google.com/ignou.ac.in/ignouudyami/resources/udyamita-ki-ore/episode-4-innovation-and-startup-opportunities-in-food-processing-sector]
[sites.google.com/ignou.ac.in/ignouudyami/programs-support/national-innovation-repository-yukti]
[www.ignou.ac.in/pages/40]
[sites.google.com/ignou.ac.in/ignouudyami/resources/udyamita-ki-ore/episode-3-innovation-and-startup-opportunities-in-waste-management]
[sites.google.com/ignou.ac.in/ignouudyami/resources/udyamita-ki-ore/episode-5-funding-opportunities-for-entrepreneurs-in-food-processing]
[www.ignou.ac.in/pages/41]
[sites.google.com/ignou.ac.in/ignouudyami/resources/udyamita-ki-ore/episode-7-innovation-and-startup-opportunities-in-the-health-sector]
[sites.google.com/ignou.ac.in/ignouudyami/resources/udyamita-ki-ore/episode-6-funding-opportunities-for-entrepreneurs-in-disability-sector]
[www.ignou.ac.in/pages/42]
[sites.google.com/ignou.ac.in/ignouudyami/resources/udyamita-ki-ore/episode-12-innovation-and-startup-opportunities-in-urban-planning-develo]
[sites.google.com/ignou.ac.in/ignouudyami/resources/udyamita-ki-ore/episode-9-ai-powered-innovation-and-startups]
[www.ignou.ac.in/pages/43]
[sites.google.com/ignou.ac.in/ignouudyami/resources/udyamita-ki-ore/episode-11-innovation-and-startups-in-environmental-sciences]
[sites.google.com/ignou.ac.in/ignouudyami/resources/udyamita-ki-ore/episode-8-innovation-and-startup-opportunities-in-the-tourism-sector]
[www.ignou.ac.in/pages/44]
[sites.google.com/ignou.ac.in/ignouudyami/resources/udyamita-ki-ore/episode-10-opportunities-for-entrepreneurship-in-millets]
[sites.google.com/ignou.ac.in/ignouudyami/resources/udyamita-ki-ore/episode-13-innovation-and-startup-opportunities-in-geographical-sciences]
[www.ignou.ac.in/pages/29]
[sites.google.com/ignou.ac.in/ignouudyami/resources/udyamita-ki-ore/episode-14-entrepreneurial-opportunities-in-the-area-of-early-childhood-ca]
[sites.google.com/ignou.ac.in/ignouudyami/resources/udyamita-ki-ore/episode-16-opportunities-for-innovation-and-startup-in-the-textile-sector]
[www.ignou.ac.in/pages/30]
[sites.google.com/ignou.ac.in/ignouudyami/resources/udyamita-ki-ore/episode-17-opportunities-for-innovation-and-startup-in-the-e-commerce-sect]
[sites.google.com/ignou.ac.in/ignouudyami/resources/udyamita-ki-ore/episode-19-entrepreneurial-opportunities-in-the-area-of-nutritional-scienc]
[www.ignou.ac.in/pages/45]
[sites.google.com/ignou.ac.in/ignouudyami/resources/udyamita-ki-ore/episode-15-innovation-and-start-opportunities-in-the-area-of-biochemistry]
[sites.google.com/ignou.ac.in/ignouudyami/resources/udyamita-ki-ore/episode-22-startup-opportunities-in-the-area-of-mental-health]
[www.ignou.ac.in/pages/46]
[sites.google.com/ignou.ac.in/ignouudyami/resources/udyamita-ki-ore/episode-21-setting-up-micro-small-and-medium-enterprises]
[sites.google.com/ignou.ac.in/ignouudyami/resources/udyamita-ki-ore/episode-18-opportunities-for-innovation-and-startup-in-fintech]
[www.ignou.ac.in/pages/47]
[sites.google.com/ignou.ac.in/ignouudyami/resources/udyamita-ki-ore/episode-24-entrepreneurial-opportunities-in-the-education-sector]
[sites.google.com/ignou.ac.in/ignouudyami/resources/udyamita-ki-ore/episode-26-entrepreneurialopportunities-in-the-area-of-medicinal-plants]
[sites.google.com/ignou.ac.in/ignouudyami/resources/udyamita-ki-ore/episode-23-entrepreneurial-opportunities-in-indias-social-sector]
[www.ignou.ac.in/pages/48]
[sites.google.com/ignou.ac.in/ignouudyami/resources/udyamita-ki-ore/episode-25-edtech-startups-opportunities-and-challenges]
[sites.google.com/ignou.ac.in/ignouudyami/resources/udyamita-ki-ore/episode-27-role-of-incubator-in-your-startup-journey]
[www.ignou.ac.in/schools/programme/BCA_NEW]
[sites.google.com/sitesv-images-rt/AMxu72sBCrGwKNalgmsXNIsfSOzLIWXIfX6BWbJXQv2b2VjSi4zJmpHFy7o4BDi9xYXmrL_4lG9iQLLxkMTgTB1F0_kxCJyrzSVq6HJR2c6QvzgBdeZyFnlMk_M4taXOwPLaEpWs8yuMwI_LMMGfosMGLWnLOJ53kZhiqzQgvjT6WOeA3sxdZ]
[sites.google.com/ignou.ac.in/ignouudyami/resources/udyamita-ki-ore/episode-30-fostering-a-culture-of-innovation-startups-in-the-university]
[www.ignou.ac.in/schools/programme/BCA_NEWOL]
[sites.google.com/ignou.ac.in/ignouudyami/resources/udyamita-ki-ore/episode-29-entrepreneurial-opportunities-in-the-field-of-media-and-mass-co]
[sites.google.com/ignou.ac.in/ignouudyami/resources/udyamita-ki-ore/episode-28-entrepreneurial-opportunities-in-the-area-of-rural-tourism]
[www.ignou.ac.in/schools/programme/MCA_NEW]
[www.gstatic.com/_/atari/_/js/k=atari.vw.en_US.u_TZfKGuJ2I.O/am=QAAAGAAI/d=1/rs=AGEqA5nMlPj01vsBijTgMJEKR5e5VUCJkA/m=view]
[www.ignou.ac.in/schools/programme/PGDCA_NEW]
[www.ignou.ac.in/schools/programme/PGDDRRM]
[www.ignou.ac.in/schools/programme/PGDTRBS]
[www.googletagmanager.com/gtag/js585b]
[www.ignou.ac.in/schools/programme/PGDWAM]
[iop.ignouonline.ac.in/img/logo.png]
[www.ignou.ac.in/schools/programme/MFAP]
[iop.ignouonline.ac.in/img/favicon.ico]
[www.ignou.ac.in/schools/programme/MSWOL]
[www.ignou.ac.in/schools/programme/QPNM]
[sites.google.com/ignou.ac.in/ignouudyami/resources/govt-schemes-and-policies]
[sites.google.com/ignou.ac.in/weas/नvrietie486]
[www.ignou.ac.in/schools/programme/MAHD]
[www.ignou.ac.in/schools/programme/MAEG]
[iop.ignouonline.ac.in/img/intro-carousel/Banner07.jpg]
[iop.ignouonline.ac.in/img/intro-carousel/Banner01.jpg]
[www.ignou.ac.in/schools/programme/BSCFFAD]
[iop.ignouonline.ac.in/img/intro-carousel/Banner06.jpg]
[iop.ignouonline.ac.in/img/intro-carousel/Banner05.jpg]
[www.ignou.ac.in/schools/programme/MASO]
[iop.ignouonline.ac.in/img/intro-carousel/Banner04.jpg]
[iop.ignouonline.ac.in/img/intro-carousel/Banner02.jpg]
[www.ignou.ac.in/schools/programme/MSCAIML]
[iop.ignouonline.ac.in/img/intro-carousel/Banner03.jpg]
[iop.ignouonline.ac.in/img/naac.jpg]
[www.ignou.ac.in/schools/programme/PGDINDSOL]
[iop.ignouonline.ac.in/img/programmes/pgdevsol.jpg]
[www.ignou.ac.in/schools/programme/PGDEVSOL]
[www.ignou.ac.in/schools/programme/MTTM_NEW]
[iop.ignouonline.ac.in/img/programmes/pgdindsol.jpg]
[iop.ignouonline.ac.in/img/programmes/mswol.jpg]
[www.ignou.ac.in/images/programmes/mttm_new.jpg]
[www.ignou.ac.in/schools/programme/BTMAPS]
[www.ignou.ac.in/images/programmes/btmaps.jpg]
[iop.ignouonline.ac.in/img/programmes/pgjmcol.jpg]
[www.ignou.ac.in/schools/programme/BAMSAPS]
[iop.ignouonline.ac.in/img/programmes/pgdeoh.jpg]
[www.ignou.ac.in/schools/programme/MPATHA]
[www.ignou.ac.in/schools/programme/QPEEH]
[iop.ignouonline.ac.in/img/programmes/MSKOL.jpg]
[iop.ignouonline.ac.in/img/programmes/MASS.jpg]
[www.ignou.ac.in/images/programmes/qpeeh.jpg]
[www.ignou.ac.in/schools/programme/BSCAPS]
[iop.ignouonline.ac.in/img/programmes/MCOM.jpg]
[iop.ignouonline.ac.in/img/programmes/SSB.jpg]
[www.ignou.ac.in/schools/programme/BAAPS]
[iop.ignouonline.ac.in/img/programmes/DCEOL.jpg]
[www.ignou.ac.in/images/programmes/baaps.jpg]
[www.ignou.ac.in/schools/programme/MAEGOY]
[iop.ignouonline.ac.in/img/programmes/PGDIDM.jpg]
[www.ignou.ac.in/images/programmes/maegoy.jpg]
[iop.ignouonline.ac.in/img/programmes/PGDDC.jpg]
[iop.ignouonline.ac.in/img/programmes/bca.jpg]
[play.google.com/store/apps/detailsa82c]
[www.gstatic.com/index.html]
[iop.ignouonline.ac.in/img/programmes/PGDDE.jpg]
[accounts.google.com/v3/signin/rejectedc516]
[iop.ignouonline.ac.in/img/programmes/MADE.jpg]
[mail.google.com/mail/u/0/index.html]
[iop.ignouonline.ac.in/img/programmes/CFL.jpg]
[www.gstatic.com/images/branding/googleg_gradient/svg/googleg_gradient_standard_48px.svg]
[iop.ignouonline.ac.in/img/programmes/MARDOL.jpg]
[support.google.com/accountsc274]
[iop.ignouonline.ac.in/img/programmes/CFNOL.jpg]
[accounts.google.com/v3/signin/https_]
[www.google.com/js/bg/index.html]
[iop.ignouonline.ac.in/img/programmes/CSLCOL.jpg]
[support.google.com/accountsd2e8]
[iop.ignouonline.ac.in/img/programmes/MEGOL.jpg]
[accounts.google.com/TOS743c]
[iop.ignouonline.ac.in/img/programmes/DNHEOL.jpg]
[accounts.google.com/TOS37dd]
[iop.ignouonline.ac.in/img/programmes/CULOL.jpg]
[www.ignou.ac.in/pages/278]
[iop.ignouonline.ac.in/img/programmes/DULOL.jpg]
[www.ignou.ac.in/pages/204]
[iop.ignouonline.ac.in/img/programmes/CRDOL.jpg]
[www.ignou.ac.in/pages/207]
[iop.ignouonline.ac.in/img/programmes/PGDRDOL.jpg]
[iop.ignouonline.ac.in/img/programmes/BSW.jpg]
[www.ignou.ac.in/pages/206]
[iop.ignouonline.ac.in/img/programmes/majmc.jpg]
[www.ignou.ac.in/pages/208]
[www.ignou.ac.in/pages/3]
[iop.ignouonline.ac.in/img/programmes/MBA.jpg]
[forms.gle/bDjwXe4U43Hnr4ZC7]
[iop.ignouonline.ac.in/img/programmes/mca.jpg]
[www.ignou.ac.in/pages/5]
[iop.ignouonline.ac.in/img/programmes/PGDSS.jpg]
[ignount.samarth.edu.in/index.html]
[cuignourec.samarth.edu.in/index.html]
[iop.ignouonline.ac.in/img/programmes/Bcom.jpg]
[www.ignou.ac.in/announcement/director.soms@ignou.ac.in]
[iop.ignouonline.ac.in/img/programmes/BLIS.jpg]
[www.ignou.ac.in/viewFile/soce/notification/Advertisement_CONSULTANT_RURAL_DEVELOPMENT.pdf]
[shebox.wcd.gov.in/assets/web_assets/images/she-box-logo.png]
[fonts.googleapis.com/index.html]
[iop.ignouonline.ac.in/img/programmes/PGCAP.jpg]
[fonts.gstatic.com/index.html]
[shebox.wcd.gov.in/assets/web_assets/css/stylecfce.css]
[iop.ignouonline.ac.in/img/programmes/CTRBS.jpg]
[shebox.wcd.gov.in/assets/web_assets/css/bootstrap.mincfce.css]
[shebox.wcd.gov.in/assets/bower_components/sweetalert/css/sweetalert.css]
[iop.ignouonline.ac.in/img/programmes/PGCGPS.jpg]
[shebox.wcd.gov.in/assets/web_assets/css/menucfce.css]
[iop.ignouonline.ac.in/img/programmes/PGDGPS.jpg]
[shebox.wcd.gov.in/assets/web_assets/css/fontAwesome.css]
[iop.ignouonline.ac.in/img/programmes/CPSCM.jpg]
[shebox.wcd.gov.in/assets/web_assets/css/dataTables.bootstrap4.min.css]
[iop.ignouonline.ac.in/img/programmes/MATS.jpg]
[shebox.wcd.gov.in/assets/web_assets/css/datatables.responsive.bootstrap4.min.css]
[cdn.jsdelivr.net/index.html]
[iop.ignouonline.ac.in/img/programmes/DTS.jpg]
[iop.ignouonline.ac.in/img/programmes/MHD.jpg]
[shebox.wcd.gov.in/assets/web_assets/css/select2.min.css]
[iop.ignouonline.ac.in/img/programmes/magps.jpg]
[shebox.wcd.gov.in/assets/web_assets/css/dark-theme-stylecfce.css]
[iop.ignouonline.ac.in/img/programmes/bts.jpg]
[shebox.wcd.gov.in/screen-reader-access]
[iop.ignouonline.ac.in/img/programmes/cit.jpg]
[shebox.wcd.gov.in/assets/web_assets/images/pledge-icon-new.png]
[iop.ignouonline.ac.in/img/programmes/clis.jpg]
[shebox.wcd.gov.in/assets/web_assets/images/pledge-icon-new-dark.png]
[shebox.wcd.gov.in/assets/web_assets/images/ministry-logo.svg]
[iop.ignouonline.ac.in/img/programmes/CTS.jpg]
[shebox.wcd.gov.in/assets/web_assets/images/search.svg]
[iop.ignouonline.ac.in/img/programmes/CRUL.jpg]
[shebox.wcd.gov.in/assets/web_assets/images/wcd-logo.png]
[shebox.wcd.gov.in/assets/web_assets/images/wcd-logo-dark.png]
[iop.ignouonline.ac.in/img/programmes/CAL.jpg]
[iop.ignouonline.ac.in/img/book4.jpg]
[shebox.wcd.gov.in/assets/web_assets/images/bbbp.png]
[iop.ignouonline.ac.in/img/onlinesrvices/pic1.jpeg]
[shebox.wcd.gov.in/assets/web_assets/images/skip.svg]
[iop.ignouonline.ac.in/img/onlinesrvices/pic2.jpeg]
[shebox.wcd.gov.in/assets/web_assets/images/accessibility.svg]
[iop.ignouonline.ac.in/img/onlinesrvices/pic4.jpeg]
[iop.ignouonline.ac.in/img/onlinesrvices/pic3.jpeg]
[shebox.wcd.gov.in/assets/web_assets/images/contrast.svg]
[shebox.wcd.gov.in/assets/web_assets/images/invert.svg]
[iop.ignouonline.ac.in/img/onlinesrvices/pic5.jpeg]
[iop.ignouonline.ac.in/img/learnhere/self awareness.png]
[iop.ignouonline.ac.in/img/learnhere/jobrediness3.png]
[shebox.wcd.gov.in/assets/web_assets/images/saturation.svg]
[iop.ignouonline.ac.in/img/learnhere/productivity.png]
[iop.ignouonline.ac.in/img/patner/Partner1.png]
[shebox.wcd.gov.in/assets/web_assets/images/highlight.svg]
[iop.ignouonline.ac.in/img/patner/Partner2.png]
[shebox.wcd.gov.in/assets/web_assets/images/hide-img.svg]
[iop.ignouonline.ac.in/img/patner/Partner3.png]
[shebox.wcd.gov.in/assets/web_assets/images/reset.svg]
[iop.ignouonline.ac.in/img/patner/Partner4.png]
[shebox.wcd.gov.in/about]
[iop.ignouonline.ac.in/img/patner/Partner5.png]
[shebox.wcd.gov.in/complince_gallery]
[iop.ignouonline.ac.in/img/patner/Partner6.png]
[shebox.wcd.gov.in/legalprovision]
[iop.ignouonline.ac.in/img/patner/Partner7.png]
[shebox.wcd.gov.in/snoDetailsLists]
[shebox.wcd.gov.in/dnoDetailsLists]
[iop.ignouonline.ac.in/img/patner/Partner8.png]
[shebox.wcd.gov.in/doDetailsLists]
[iop.ignouonline.ac.in/img/patner/Partner9.png]
[shebox.wcd.gov.in/lcDetailsLists]
[iop.ignouonline.ac.in/img/patner/Partner10.png]
[shebox.wcd.gov.in/nodalOfficerSectionLists]
[shebox.wcd.gov.in/iec_material]
[iop.ignouonline.ac.in/img/patner/Partner12.png]
[iop.ignouonline.ac.in/img/patner/Partner13.png]
[shebox.wcd.gov.in/addIndividualForm]
[shebox.wcd.gov.in/addOrganizationForm]
[iop.ignouonline.ac.in/img/logo1.png]
[shebox.wcd.gov.in/empanelmentReport]
[shebox.wcd.gov.in/faq]
[iop.ignouonline.ac.in/webjars/jquery/3.6.1/jquery.min.js]
[iop.ignouonline.ac.in/webjars/bootstrap/5.2.2/js/bootstrap.bundle.min.js]
[iop.ignouonline.ac.in/js/main.js]
[shebox.wcd.gov.in/contact]
[iop.ignouonline.ac.in/js/wow.min.js]
[iop.ignouonline.ac.in/js/owl.carousel.min.js]
[iop.ignouonline.ac.in/js/waypoints.min.js]
[shebox.wcd.gov.in/signin]
[shebox.wcd.gov.in/assets/uploaded_content/home_popup/English.jpeg]
[shebox.wcd.gov.in/assets/web_assets/images/shape-app.png]
[iop.ignouonline.ac.in/js/counterup.min.js]
[shebox.wcd.gov.in/assets/web_assets/images/app-img.png]
[shebox.wcd.gov.in/assets/web_assets/images/shape-app-dark.png]
[play.google.com/store/apps/details2a62]
[iop.ignouonline.ac.in/img/learnhere/knowledge.png]
[ignou.samarth.ac.in/uploads/uims/logo.png]
[shebox.wcd.gov.in/assets/web_assets/images/google-play.png]
[iop.ignouonline.ac.in/img/learnhere/confidence.png]
[ignoualumni.samarth.edu.in/index.php/site/captchadd68]
[apps.apple.com/in/app/mission-shakti/id6752487286]
[shebox.wcd.gov.in/assets/web_assets/images/apple-app-store.png]
[ignoualumni.samarth.edu.in/assets/67d04080/jquerycefb.js]
[iop.ignouonline.ac.in/img/patner/Partner11.png]
[shebox.wcd.gov.in/assets/web_assets/images/slider-0.jpg]
[shebox.wcd.gov.in/assets/web_assets/images/slider-13.jpg]
[ignoualumni.samarth.edu.in/assets/99ac22b0/yiicefb.js]
[shebox.wcd.gov.in/assets/web_assets/images/slider-9.jpg]
[ignoualumni.samarth.edu.in/assets/99ac22b0/yii.validationcefb.js]
[shebox.wcd.gov.in/assets/web_assets/images/slider-1.jpg]
[shebox.wcd.gov.in/assets/web_assets/images/slider-2.jpg]
[ignoualumni.samarth.edu.in/assets/99ac22b0/yii.activeFormcefb.js]
[ignoualumni.samarth.edu.in/assets/57d9af12/js/bootstrap.bundle0cfd.js]
[shebox.wcd.gov.in/assets/web_assets/images/slider-3.jpg]
[ignoualumni.samarth.edu.in/assets/6d275b2/js/main5fc9.js]
[shebox.wcd.gov.in/assets/web_assets/images/slider-4.jpg]
[shebox.wcd.gov.in/assets/web_assets/images/slider-5.jpg]
[ignoualumni.samarth.edu.in/assets/6d275b2/js/perfect-scrollbar5fc9.js]
[shebox.wcd.gov.in/assets/web_assets/images/slider-6.jpg]
[shebox.wcd.gov.in/assets/web_assets/images/slider-7.jpg]
[www.ignou.ac.in/viewFile/services/ragging/UGC_Antiragging_regulations.pdf]
[shebox.wcd.gov.in/assets/web_assets/images/slider-8.jpg]
[www.ignou.ac.in/viewFile/services/ragging/Anti-ragging_Committee_Notification.pdf]
[shebox.wcd.gov.in/assets/web_assets/images/icon-1.png]
[www.ignou.ac.in/viewFile/services/ragging/ugc-guidlines-for-curbing-the-menace-of-ragging.pdf]
[shebox.wcd.gov.in/assets/web_assets/images/icon-2.png]
[shebox.wcd.gov.in/assets/web_assets/images/workplace.png]
[shebox.wcd.gov.in/assets/web_assets/images/gov.png]
[antiragging.in/affidavit_registration_disclaimer.html]
[shebox.wcd.gov.in/assets/web_assets/images/gov-dark.png]
[shebox.wcd.gov.in/assets/web_assets/images/private1.png]
[shebox.wcd.gov.in/assets/web_assets/images/private1-dark.png]
[shebox.wcd.gov.in/assets/web_assets/images/ICs.png]
[portal.igotkarmayogi.gov.in/public/toc/do_113569878939262976132/overview]
[portal.igotkarmayogi.gov.in/public/toc/do_1141467507579125761534/overview]
[shebox.wcd.gov.in/join_sno]
[shebox.wcd.gov.in/assets/web_assets/images/state.png]
[shebox.wcd.gov.in/join_dno]
[shebox.wcd.gov.in/assets/web_assets/images/d-icon.png]
[shebox.wcd.gov.in/assets/web_assets/images/register-forn.png]
[shebox.wcd.gov.in/assets/web_assets/images/view.png]
[shebox.wcd.gov.in/join_central_min_dept_no]
[www.ignou.ac.in/images/banners/sossB.jpg]
[www.ignou.ac.in/viewFile/soss/mental_health/MANAS-V1-Issue1-March-June2025.pdf]
[www.ignou.ac.in/viewFile/soss/mental_health/MANAS-V1-Issue2-July-Oct2025.pdf]
[shebox.wcd.gov.in/registerOffices]
[www.ignou.ac.in/viewFile/soss/mental_health/MANAS-V1-Issue3-Nov2025-Feb2026.pdf]
[www.ignou.ac.in/viewFile/soss/mental_health/List_of_TC-Manosampada-April2025-April2026-LINKS-PsychologyDiscipline.pdf]
[shebox.wcd.gov.in/term-conditions]
[ignoualumni.samarth.edu.in/assets/99ac22b0/yii.captchacefb.js]
[shebox.wcd.gov.in/privacy-policy]
[ignoualumni.samarth.edu.in/assets/6d275b2/js/toastr.min5fc9.js]
[shebox.wcd.gov.in/sitemap]
[m.facebook.com/login/index444c.html]
[shebox.wcd.gov.in/cookiepolicy]
[static.xx.fbcdn.net/rsrc.php/v4/yS/r/KL3NDZmvLRl.png]
[shebox.wcd.gov.in/refreshCaptcha]
[static.xx.fbcdn.net/rsrc.php/v4/y2/r/sO9T86MEgel.png]
[static.xx.fbcdn.net/rsrc.php/v4/y2/r/WZKeoNgqy5p.png]
[shebox.wcd.gov.in/assets/web_assets/owl-carousel/owl.carousel.min.css]
[static.xx.fbcdn.net/rsrc.php/v4/yf/r/MFo68w9J1ro.png]
[static.xx.fbcdn.net/rsrc.php/v4/yF/r/jkduT82jifw.png]
[shebox.wcd.gov.in/assets/web_assets/owl-carousel/owl.theme.default.min.css]
[static.xx.fbcdn.net/rsrc.php/v4/yn/r/UGjcMjdT8MH.png]
[cuignou.samarth.ac.in/assets/59a5b067003222436c9a8665d19c4ec5/bootstrap.css]
[static.xx.fbcdn.net/rsrc.php/v4/y0/r/nFGvEmXcoSt.png]
[static.xx.fbcdn.net/rsrc.php/v4/yK/r/LwS2swnigJE.png]
[cuignou.samarth.ac.in/assets/4e14337d0503e127609dfb3b751132fb/css/custom.css]
[static.xx.fbcdn.net/rsrc.php/v4/yb/r/pAmBgYdHTlL.png]
[static.xx.fbcdn.net/rsrc.php/v4/yo/r/5V-fXSbvPyM.png]
[static.xx.fbcdn.net/rsrc.php/v4/yA/r/7IIzBKVPWFS.png]
[static.xx.fbcdn.net/rsrc.php/v4/yY/r/mMDBT3cY_df.png]
[cuignou.samarth.ac.in/assets/4e14337d0503e127609dfb3b751132fb/css/custom-modal.css]
[static.xx.fbcdn.net/rsrc.php/v4/yQ/r/tq02rf2DZWZ.png]
[static.xx.fbcdn.net/rsrc.php/v4/yl/r/D81W4GEFUpY.png]
[cuignou.samarth.ac.in/assets/4e14337d0503e127609dfb3b751132fb/css/custom-buttons.css]
[static.xx.fbcdn.net/rsrc.php/v4/yx/r/ssVMSDV5pWu.png]
[static.xx.fbcdn.net/rsrc.php/v4/yP/r/9NgyF_R7b4t.png]
[static.xx.fbcdn.net/rsrc.php/v4/yI/r/m9q7iRWgK9h.png]
[cuignou.samarth.ac.in/assets/4e14337d0503e127609dfb3b751132fb/css/custom-cards.css]
[static.xx.fbcdn.net/rsrc.php/v4/yA/r/BQ9c7uW3Wxj.png]
[cuignou.samarth.ac.in/assets/4e14337d0503e127609dfb3b751132fb/css/custom-dropdown.css]
[static.xx.fbcdn.net/rsrc.php/v4/yY/r/NMKMCSLC1lF.png]
[static.xx.fbcdn.net/rsrc.php/v4/yB/r/xwZ-58W7La1.png]
[static.xx.fbcdn.net/rsrc.php/v4/y3/r/ynt3uv3S7zb.png]
[cuignou.samarth.ac.in/assets/4e14337d0503e127609dfb3b751132fb/css/custom-media-query.css]
[www.facebook.com/OfficialPageIGNOU]
[cuignou.samarth.ac.in/assets/4e14337d0503e127609dfb3b751132fb/css/custom-nav.css]
[cuignou.samarth.ac.in/assets/4e14337d0503e127609dfb3b751132fb/css/custom-spacing.css]
[cuignou.samarth.ac.in/assets/4e14337d0503e127609dfb3b751132fb/css/custom-tables.css]
[www.facebook.com/index.html]
[cuignou.samarth.ac.in/assets/4e14337d0503e127609dfb3b751132fb/css/custom-yii2-vendors.css]
[cuignou.samarth.ac.in/assets/4e14337d0503e127609dfb3b751132fb/css/material-design-iconic-font.css]
[www.facebook.com/rsrc.php]
[cuignou.samarth.ac.in/assets/4e14337d0503e127609dfb3b751132fb/css/bs-stepper.min.css]
[youradchoices.ca/index.html]
[www.facebook.com/rsrc-translations.php]
[cuignou.samarth.ac.in/assets/4e14337d0503e127609dfb3b751132fb/css/bootstrap-icons.css]
[cuignou.samarth.ac.in/assets/4e14337d0503e127609dfb3b751132fb/css/toastr.css]
[support.apple.com/en-ie/guide/safari/sfri11471/mac]
[cuignou.samarth.ac.in/index.php/site/forgot-password]
[blogs.opera.com/news/2015/08/how-to-manage-cookies-in-opera/index.html]
[cuignou.samarth.ac.in/index.php/site/first-login]
[www.youronlinechoices.com/index.html]
[www.facebook.com/privacy/policyab51]
[www.du.ac.in/index.html]
[www.education.gov.in/en]
[samarth.edu.in/index.html]
[cuignou.samarth.ac.in/assets/8bf13fb3a8651f5abaae6821c9f9cd56/img/samarth-logo-min.svg]
[fonts.googleapis.com/csscd8e]
[freedom2learn.ignouonline.ac.in/fonts/icomoon/style.css]
[freedom2learn.ignouonline.ac.in/css/bootstrap.min.css]
[freedom2learn.ignouonline.ac.in/css/jquery-ui.css]
[cdn.jsdelivr.net/npm/mediaelement@4.2.7/build/mediaelementplayer.min.css]
[freedom2learn.ignouonline.ac.in/css/aos.css]
[freedom2learn.ignouonline.ac.in/css/style.css]
[connect.facebook.net/en_US/sdk.js]
[freedom2learn.ignouonline.ac.in/pages/themes]
[freedom2learn.ignouonline.ac.in/pages/currentEpisode]
[freedom2learn.ignouonline.ac.in/pages/experts]
[freedom2learn.ignouonline.ac.in/pages/coordinator]
[freedom2learn.ignouonline.ac.in/pages/contact]
[freedom2learn.ignouonline.ac.in/pages/episode/vc]
[freedom2learn.ignouonline.ac.in/pages/themeDetails/1]
[freedom2learn.ignouonline.ac.in/pages/themeDetails/2]
[freedom2learn.ignouonline.ac.in/pages/themeDetails/3]
[freedom2learn.ignouonline.ac.in/pages/themeDetails/4]
[freedom2learn.ignouonline.ac.in/pages/themeDetails/5]
[freedom2learn.ignouonline.ac.in/pages/themeDetails/6]
[freedom2learn.ignouonline.ac.in/pages/episode/31]
[freedom2learn.ignouonline.ac.in/pages/episode/30]
[freedom2learn.ignouonline.ac.in/pages/episode/29]
[freedom2learn.ignouonline.ac.in/pages/episode/28]
[freedom2learn.ignouonline.ac.in/pages/aboutUs]
[www.facebook.com/IGNOU-Podcast-Freedom2Learn-103933354727739]
[twitter.com/ignoupodcast]
[www.youtube.com/channel/UCRGhx5D_mLRZTW3IT_netBQ]
[schema.org/WebPage]
[sites.google.com/ignou.ac.in/ignouudyami/POST]
[fonts.googleapis.com/css902f]
[fonts.googleapis.com/css9f00]
[ssl.gstatic.com/atari/images/results-not-loaded.svg]
[www.gstatic.com/_/atari/_/ss/k=atari.vw.16Ymw_E74h0.L.X.O/am=QAAAGAAI/d=1/rs=AGEqA5lxj_VDvKCE8L4Bpub8YuE7flc85Q]
[drive.google.com/index.html]
[docs.google.com/index.html]
[sites.google.com/new/index.html]
[accounts.google.com/o/oauth2/auth]
[accounts.google.com/o/oauth2/postmessageRelay]
[sites.google.com/new/index7558.html]
[www.gstatic.com/atari/embeds/1662707594e9d2279db9db3af3702f1c/intermediate-frame-minified.html]
[accounts.google.com/o/oauth2/iframe]
[841546680-atari-embeds.googleusercontent.com/embeds/4ecafecc1008f433734df9cfcf919023/inner-frame-minified.html]
[domains.google.com/index.html]
[www.google.com/calendar/embed]
[sites.google.com/index.html]
[sites.google.com/ignou.ac.in/ignouudyami/_/ss/index.html]
[uberproxy-pen-redirect.corp.google.com/uberproxy/penc461]
[sites.google.com/ignou.ac.in/ignouudyami/home]
[sites.google.com/sitesv-images-rt/AMxu72vKHtJTJFjFyrJ9N7k94Mj5cK1UF-gXYQiwlR1ryGt-FtmCCKk-Aj5UwseazlMJ0W5_DdrOtMh1xLVKpPmQqAQuB15UOhOedaQY-F6U3ssA5KEmfuZay2wgifGeWCFDT_qBe87QyuRqRY3-U5AJPxBxXvJq_EGAGAtzEB7AemeW2Neo9]
[sites.google.com/ignou.ac.in/ignouudyami/about]
[sites.google.com/ignou.ac.in/ignouudyami/for-students/join-ignou-udyami]
[sites.google.com/ignou.ac.in/ignouudyami/for-students/guidelines-ignou-udyami]
[sites.google.com/ignou.ac.in/ignouudyami/for-students/feedback]
[sites.google.com/ignou.ac.in/ignouudyami/startups-success-stories/innovative-ideas-of-ignou-students]
[www.google.com/urle024]
[sites.google.com/ignou.ac.in/ignouudyami/startups-success-stories/stories-of-startupsignou]
[sites.google.com/ignou.ac.in/ignouudyami/programs-support/national-innovation-repository-yukti]
[sites.google.com/ignou.ac.in/ignouudyami/resources/udyamita-ki-ore]
[sites.google.com/ignou.ac.in/ignouudyami/resources/udyamita-ki-ore/episode-1-programme-series-towards-entrepreneurship]
[sites.google.com/ignou.ac.in/ignouudyami/resources/udyamita-ki-ore/episode-2-entrepreneur-avenues-in-poultry-sector]
[sites.google.com/ignou.ac.in/ignouudyami/resources/udyamita-ki-ore/episode-3-innovation-and-startup-opportunities-in-waste-management]
[sites.google.com/ignou.ac.in/ignouudyami/resources/udyamita-ki-ore/episode-4-innovation-and-startup-opportunities-in-food-processing-sector]
[sites.google.com/ignou.ac.in/ignouudyami/resources/udyamita-ki-ore/episode-5-funding-opportunities-for-entrepreneurs-in-food-processing]
[sites.google.com/ignou.ac.in/ignouudyami/resources/udyamita-ki-ore/episode-6-funding-opportunities-for-entrepreneurs-in-disability-sector]
[sites.google.com/ignou.ac.in/ignouudyami/resources/udyamita-ki-ore/episode-7-innovation-and-startup-opportunities-in-the-health-sector]
[sites.google.com/ignou.ac.in/ignouudyami/resources/udyamita-ki-ore/episode-8-innovation-and-startup-opportunities-in-the-tourism-sector]
[sites.google.com/ignou.ac.in/ignouudyami/resources/udyamita-ki-ore/episode-9-ai-powered-innovation-and-startups]
[sites.google.com/ignou.ac.in/ignouudyami/resources/udyamita-ki-ore/episode-10-opportunities-for-entrepreneurship-in-millets]
[sites.google.com/ignou.ac.in/ignouudyami/resources/udyamita-ki-ore/episode-11-innovation-and-startups-in-environmental-sciences]
